

Launching Model Selection



Current Pars: sal, t, do, turb, windspeed, TotalPAR, P, NH4, N

=================
Checking: N
=================
====================
Dropping: N
====================

Current Pars: sal, t, do, turb, windspeed, TotalPAR, P, NH4

=================
Checking: NH4
=================
====================
Keeping: NH4 Effect at Some Level
====================

=================
Checking: P
=================
====================
Keeping: P Worsened RMPSE beyond threshold
====================

=================
Checking: TotalPAR
=================
====================
Dropping: TotalPAR
====================

Current Pars: sal, t, do, turb, windspeed, P, NH4

=================
Checking: NH4
=================
====================
Keeping: NH4 Effect at Some Level
====================

=================
Checking: P
=================
====================
Keeping: P Worsened RMPSE beyond threshold
====================

=================
Checking: windspeed
=================
====================
Keeping: windspeed Effect at Some Level
====================

=================
Checking: turb
=================
====================
Keeping: turb Effect at Some Level
====================

=================
Checking: do
=================
====================
Keeping: do Effect at Some Level
====================

=================
Checking: t
=================
====================
Keeping: t Effect at Some Level
====================

=================
Checking: sal
=================
====================
Keeping: sal Effect at Some Level
====================
====================
Model Finalized: sal, t, do, turb, windspeed, P, NH4
====================
